traffic_light.c:24:6:update7SegBufferForOdd	16	static
traffic_light.c:30:6:update7SegBufferForEven	16	static
traffic_light.c:36:6:UpdateTimeDecrease	4	static
traffic_light.c:43:6:DecreaseTimeForOne	4	static
traffic_light.c:52:6:turnOnLedRedForEven	8	static
traffic_light.c:58:6:turnOnLedRedForOdd	8	static
traffic_light.c:65:6:turnOnLedAmberForEven	8	static
traffic_light.c:71:6:turnOnLedAmberForOdd	8	static
traffic_light.c:77:6:turnOnLedGreenForEven	8	static
traffic_light.c:83:6:turnOnLedGreenForOdd	8	static
traffic_light.c:89:6:clearAllLed	8	static
traffic_light.c:110:6:traffic_light	8	static
